Python-dotenv could not parse statement starting at line 8
Python-dotenv could not parse statement starting at line 9
Python-dotenv could not parse statement starting at line 10
Python-dotenv could not parse statement starting at line 11
Python-dotenv could not parse statement starting at line 12
Python-dotenv could not parse statement starting at line 13
Python-dotenv could not parse statement starting at line 14
Python-dotenv could not parse statement starting at line 15
Python-dotenv could not parse statement starting at line 16
Python-dotenv could not parse statement starting at line 17
Python-dotenv could not parse statement starting at line 18
/home/runner/work/investment_backend/investment_backend/main.py:535: FutureWarning: The default fill_method='pad' in Series.pct_change is deprecated and will be removed in a future version. Either fill in any non-leading NA values prior to calling pct_change or specify 'fill_method=None' to not fill NA values.
  final_df["daily_return"] = final_df["total_account_value"].pct_change()
📥 Loading historical data from Google Drive...
📊 Loading DataFrame...
✅ Data loaded successfully!
   Shape: (2696, 12840)
   Date Range: 2015-01-01 00:00:00 to 2025-12-02 00:00:00

🎯 Starting analysis with loaded data...
📊 Processing 2140 tickers for analysis...

🔄 Step 1: Monthly resampling...

🔍 Debug first ticker 'LTTS.NS':
   Columns: ['Open', 'High', 'Low', 'Close', 'Adj Close', 'Volume']
   Shape: (2696, 6)
   Index range: 2015-01-01 00:00:00 to 2025-12-02 00:00:00
   ✓ Processed 500/2140 tickers...
   ✓ Processed 1000/2140 tickers...
   ✓ Processed 1500/2140 tickers...
   ✓ Processed 2000/2140 tickers...
✅ Monthly resampling complete: (209119, 7)
   Tickers processed: 2136/2140

🔄 Step 2: Computing daily features...
   ✓ Processed 500/2140 tickers...
   ✓ Processed 1000/2140 tickers...
   ✓ Processed 1500/2140 tickers...
   ✓ Processed 2000/2140 tickers...
✅ Daily features complete: (4248852, 32)
✅ Final dataframe ready with 2134 tickers
   Index range: 2015-01-01 00:00:00 to 2025-12-02 00:00:00

🔄 Step 3: Merging with market cap data...
   Market cap data shape: (1719, 2)
   Unique tickers in market cap: 1719
🔄 Step 4: Computing ranks and tags...
✅ Tags distribution:
tag
Other 500 Stocks      1314231
Not Needed             912621
Nifty Micro 250        674000
Nifty SmallCap 250     674000
Nifty Midcap 150       404400
Nifty 50               134800
Nifty Next 50          134800
Name: count, dtype: int64

================================================================================
📊 FINAL RESULTS:
================================================================================
   Final DF shape: (3336231, 35)
   Unique tickers: 1948
   Date range: 2015-01-01 00:00:00 to 2025-12-02 00:00:00
================================================================================


================================================================================
📊 TOP STOCKS ANALYSIS FOR LATEST DAY
================================================================================
📅 Latest Date: 2025-12-02
💰 Capital for Allocation: $200,000
================================================================================
✅ Total stocks available: 29

================================================================================
📊 SIGNAL CHECK
================================================================================
Volume Condition (v2_vol_ema_4 > v2_vol_ema_10): ❌ FALSE
Return Condition (cumulative_return > cumulative_return_20EMA): ❌ FALSE

🔴 SIGNAL = 0 (BEARISH)
❌ Conditions not met - STAY IN CASH (but showing stocks for reference)

================================================================================
📊 STOCK SELECTION (Based on v61 Ranking)
================================================================================
✅ Top 20 stocks selected
✅ Top 10 stocks selected
✅ Top 5 stocks selected

================================================================================
💰 TOP 30 STOCKS - VOLUME-BASED ALLOCATION
================================================================================

📊 Allocation Summary:
Total Capital: $200,000.00
Total Invested: $171,456.12
Remaining Cash: $28,543.88
Utilization: 85.73%

📋 Detailed Allocation:
    ticker   market_cap  Rank                tag    Close  v61          v65  v65_proportion  allocation  shares_to_buy  actual_investment
     CANBK 9.718295e+11    83      Nifty Next 50   153.52    1 3.672588e+08            2.27     4542.71             29            4452.08
      SBIN 7.471261e+12     5           Nifty 50   974.85    2 8.021971e+08            4.96     9922.57             10            9748.50
SHRIRAMFIN 1.115393e+12    66      Nifty Next 50   842.00    3 4.175639e+08            2.58     5164.95              6            5052.00
HEROMOTOCO 1.087171e+12    72      Nifty Next 50  6271.00    4 4.504119e+08            2.79     5571.25              0               0.00
       MCX 3.890753e+11   184   Nifty Midcap 150 10250.00    5 3.200206e+08            1.98     3958.41              0               0.00
    MARUTI 4.683033e+12     8           Nifty 50 16209.00    6 5.534710e+08            3.42     6846.02              0               0.00
GMRAIRPORT 9.135625e+11    91      Nifty Next 50   107.00    7 4.264894e+08            2.64     5275.35             49            5243.00
BANKBARODA 1.211443e+12    57      Nifty Next 50   301.85    8 4.215919e+08            2.61     5214.77             17            5131.45
  ASHOKLEY 7.680188e+11   106   Nifty Midcap 150   161.66    9 4.083716e+08            2.53     5051.25             31            5011.46
  TVSMOTOR 1.650026e+12    40           Nifty 50  3661.70   10 4.008092e+08            2.48     4957.71              1            3661.70
      VEDL 1.739811e+12    37           Nifty 50   539.50   11 4.280329e+08            2.65     5294.44              9            4855.50
     PAYTM 8.013304e+11   103   Nifty Midcap 150  1369.80   12 5.972880e+08            3.69     7388.00              5            6849.00
BHARTIARTL 1.127470e+13     2           Nifty 50  2104.00   13 9.176675e+08            5.68    11350.85              5           10520.00
  RELIANCE 1.878924e+13     1           Nifty 50  1544.60   14 1.164639e+09            7.20    14405.71              9           13901.40
      IDEA 7.833199e+11   105   Nifty Midcap 150    10.12   15 6.268001e+08            3.88     7753.04            766            7751.92
  RICOAUTO 1.377066e+10   989   Other 500 Stocks   122.66   16 4.282498e+08            2.65     5297.13             43            5274.38
HINDCOPPER 2.409961e+11   249   Nifty Midcap 150   336.60   17 3.001287e+08            1.86     3712.36             11            3702.60
       M&M 4.400449e+12     9           Nifty 50  3727.50   18 5.325630e+08            3.29     6587.40              1            3727.50
BAJFINANCE 5.824737e+12     6           Nifty 50  1018.10   19 5.164311e+08            3.19     6387.86              6            6108.60
       BSE 9.420568e+11    88      Nifty Next 50  2844.00   20 6.702915e+08            4.15     8291.00              2            5688.00
  AXISBANK 3.275951e+12    13           Nifty 50  1259.90   21 5.218781e+08            3.23     6455.24              5            6299.50
 UNIONBANK 9.720639e+11    82      Nifty Next 50   158.38   22 3.119686e+08            1.93     3858.82             24            3801.12
ADANIPORTS 2.869417e+12    20           Nifty 50  1516.50   23 3.721635e+08            2.30     4603.38              3            4549.50
 SUNPHARMA 3.823572e+12    12           Nifty 50  1792.10   24 3.193722e+08            1.98     3950.39              2            3584.20
       BEL 2.722892e+12    21           Nifty 50   412.05   25 3.437609e+08            2.13     4252.06             10            4120.50
 KOTAKBANK 3.876623e+12    11           Nifty 50  2144.80   26 6.133335e+08            3.79     7586.47              3            6434.40
   ETERNAL 2.988655e+12    17           Nifty 50   300.05   27 4.965454e+08            3.07     6141.89             20            6001.00
WOCKPHARMA 2.402932e+11   252 Nifty SmallCap 250  1503.70   28 1.958779e+09           12.11    24228.61             16           24059.20
JMFINANCIL 1.762972e+11   317 Nifty SmallCap 250   151.99   29 4.810590e+08            2.98     5950.34             39            5927.61

✅ Saved to: output/top30_stocks.csv

================================================================================
💰 TOP 20 STOCKS - VOLUME-BASED ALLOCATION
================================================================================

📊 Allocation Summary:
Total Capital: $200,000.00
Total Invested: $175,306.42
Remaining Cash: $24,693.58
Utilization: 87.65%

📋 Detailed Allocation:
    ticker   market_cap  Rank              tag    Close  v61          v65  v65_proportion  allocation  shares_to_buy  actual_investment
     CANBK 9.718295e+11    83    Nifty Next 50   153.52    1 3.672588e+08            3.42     6832.55             44            6754.88
      SBIN 7.471261e+12     5         Nifty 50   974.85    2 8.021971e+08            7.46    14924.21             15           14622.75
SHRIRAMFIN 1.115393e+12    66    Nifty Next 50   842.00    3 4.175639e+08            3.88     7768.43              9            7578.00
HEROMOTOCO 1.087171e+12    72    Nifty Next 50  6271.00    4 4.504119e+08            4.19     8379.54              1            6271.00
       MCX 3.890753e+11   184 Nifty Midcap 150 10250.00    5 3.200206e+08            2.98     5953.72              0               0.00
    MARUTI 4.683033e+12     8         Nifty 50 16209.00    6 5.534710e+08            5.15    10296.87              0               0.00
GMRAIRPORT 9.135625e+11    91    Nifty Next 50   107.00    7 4.264894e+08            3.97     7934.48             74            7918.00
BANKBARODA 1.211443e+12    57    Nifty Next 50   301.85    8 4.215919e+08            3.92     7843.37             25            7546.25
  ASHOKLEY 7.680188e+11   106 Nifty Midcap 150   161.66    9 4.083716e+08            3.80     7597.42             46            7436.36
  TVSMOTOR 1.650026e+12    40         Nifty 50  3661.70   10 4.008092e+08            3.73     7456.72              2            7323.40
      VEDL 1.739811e+12    37         Nifty 50   539.50   11 4.280329e+08            3.98     7963.20             14            7553.00
     PAYTM 8.013304e+11   103 Nifty Midcap 150  1369.80   12 5.972880e+08            5.56    11112.05              8           10958.40
BHARTIARTL 1.127470e+13     2         Nifty 50  2104.00   13 9.176675e+08            8.54    17072.44              8           16832.00
  RELIANCE 1.878924e+13     1         Nifty 50  1544.60   14 1.164639e+09           10.83    21667.15             14           21624.40
      IDEA 7.833199e+11   105 Nifty Midcap 150    10.12   15 6.268001e+08            5.83    11661.10           1152           11658.24
  RICOAUTO 1.377066e+10   989 Other 500 Stocks   122.66   16 4.282498e+08            3.98     7967.23             64            7850.24
HINDCOPPER 2.409961e+11   249 Nifty Midcap 150   336.60   17 3.001287e+08            2.79     5583.65             16            5385.60
       M&M 4.400449e+12     9         Nifty 50  3727.50   18 5.325630e+08            4.95     9907.89              2            7455.00
BAJFINANCE 5.824737e+12     6         Nifty 50  1018.10   19 5.164311e+08            4.80     9607.77              9            9162.90
       BSE 9.420568e+11    88    Nifty Next 50  2844.00   20 6.702915e+08            6.24    12470.22              4           11376.00

✅ Saved to: output/top20_stocks.csv

================================================================================
💰 TOP 10 STOCKS - VOLUME-BASED ALLOCATION
================================================================================

📊 Allocation Summary:
Total Capital: $200,000.00
Total Invested: $183,474.93
Remaining Cash: $16,525.07
Utilization: 91.74%

📋 Detailed Allocation:
    ticker   market_cap  Rank              tag    Close  v61          v65  v65_proportion  allocation  shares_to_buy  actual_investment
     CANBK 9.718295e+11    83    Nifty Next 50   153.52    1 3.672588e+08            8.04    16078.98            104           15966.08
      SBIN 7.471261e+12     5         Nifty 50   974.85    2 8.021971e+08           17.56    35121.04             36           35094.60
SHRIRAMFIN 1.115393e+12    66    Nifty Next 50   842.00    3 4.175639e+08            9.14    18281.39             21           17682.00
HEROMOTOCO 1.087171e+12    72    Nifty Next 50  6271.00    4 4.504119e+08            9.86    19719.51              3           18813.00
       MCX 3.890753e+11   184 Nifty Midcap 150 10250.00    5 3.200206e+08            7.01    14010.84              1           10250.00
    MARUTI 4.683033e+12     8         Nifty 50 16209.00    6 5.534710e+08           12.12    24231.55              1           16209.00
GMRAIRPORT 9.135625e+11    91    Nifty Next 50   107.00    7 4.264894e+08            9.34    18672.16            174           18618.00
BANKBARODA 1.211443e+12    57    Nifty Next 50   301.85    8 4.215919e+08            9.23    18457.74             61           18412.85
  ASHOKLEY 7.680188e+11   106 Nifty Midcap 150   161.66    9 4.083716e+08            8.94    17878.94            110           17782.60
  TVSMOTOR 1.650026e+12    40         Nifty 50  3661.70   10 4.008092e+08            8.77    17547.85              4           14646.80

✅ Saved to: output/top10_stocks.csv

================================================================================
💰 TOP 5 STOCKS - VOLUME-BASED ALLOCATION
================================================================================

📊 Allocation Summary:
Total Capital: $200,000.00
Total Invested: $191,765.69
Remaining Cash: $8,234.31
Utilization: 95.88%

📋 Detailed Allocation:
    ticker   market_cap  Rank              tag    Close  v61          v65  v65_proportion  allocation  shares_to_buy  actual_investment
     CANBK 9.718295e+11    83    Nifty Next 50   153.52    1 3.672588e+08           15.58    31157.26            202           31011.04
      SBIN 7.471261e+12     5         Nifty 50   974.85    2 8.021971e+08           34.03    68056.27             69           67264.65
SHRIRAMFIN 1.115393e+12    66    Nifty Next 50   842.00    3 4.175639e+08           17.71    35425.01             42           35364.00
HEROMOTOCO 1.087171e+12    72    Nifty Next 50  6271.00    4 4.504119e+08           19.11    38211.75              6           37626.00
       MCX 3.890753e+11   184 Nifty Midcap 150 10250.00    5 3.200206e+08           13.57    27149.70              2           20500.00

✅ Saved to: output/top5_stocks.csv

================================================================================
🎯 FINAL SUMMARY
================================================================================
📅 Date: 2025-12-02
📊 Signal: 0 (Bearish)
⚠️  RECOMMENDATION: STAY IN CASH (stocks shown for reference only)

📋 Files Generated:
   - output/top30_stocks_2025-12-02.csv
   - output/top20_stocks_2025-12-02.csv
   - output/top10_stocks_2025-12-02.csv
   - output/top5_stocks_2025-12-02.csv

================================================================================

📊 Quick Access:
Signal: 0 (Bearish)
Date: 2025-12-02

Top 30 - Total Investment: $171,456.12

Top 20 - Total Investment: $175,306.42
Top 10 - Total Investment: $183,474.93
Top 5 - Total Investment: $191,765.69
